Test completed successfully
Time: 2026-03-03 04:37:09 UTC
Agent: TeeWriter
Delegation pattern: sessions_spawn mode=run
